{
    "TEST_PASS_FILE": {
        "content": [
            {
                "0": [
                    "out.txt:md5,9f9f90dbe3e5ee1218c86b8839db1995"
                ],
                "outfile": [
                    "out.txt:md5,9f9f90dbe3e5ee1218c86b8839db1995"
                ]
            }
        ],
        "meta": {
            "nf-test": "0.8.4",
            "nextflow": "23.10.1"
        },
        "timestamp": "2024-04-18T17:19:28.094518"
    }
}