{
    "TEST_INPUT": {
        "content": [
            {
                "0": [
                    "alpha\n"
                ]
            }
        ],
        "meta": {
            "nf-test": "0.8.4",
            "nextflow": "23.10.1"
        },
        "timestamp": "2024-04-18T17:19:23.807701"
    }
}