{
    "TEST_SUCCESS": {
        "content": [
            {
                "success": true,
                "exitStatus": 0,
                "errorMessage": null,
                "errorReport": null,
                "failed": false,
                "trace": {
                    "tasksCount": 1,
                    "tasksFailed": 0,
                    "tasksSucceeded": 1
                },
                "stdout": [
                    
                ],
                "stderr": [

                ],
                "out": {
                    "0": [
                        ""
                    ]
                },
                "name": "TEST_SUCCESS"
            }
        ],
        "timestamp": "2026-02-15T12:26:24.611144279",
        "meta": {
            "nf-test": "0.9.4",
            "nextflow": "25.04.7"
        }
    }
}