{
    "Should skip a process": {
        "content": [
            {
                "stderr": [
                    
                ],
                "errorReport": "",
                "exitStatus": 0,
                "failed": false,
                "stdout": [
                    
                ],
                "errorMessage": "",
                "trace": {
                    "tasksFailed": 1,
                    "tasksCount": 13,
                    "tasksSucceeded": 12
                },
                "name": "workflow",
                "success": true
            },
            [
                [
                    "test1.txt:md5,3e7705498e8be60520841409ebc69bc1",
                    "test2.txt:md5,126a8a51b9d1bbd07fddc65819a542c3",
                ],
                "test.txt:md5,d41d8cd98f00b204e9800998ecf8427e"
            ]
        ],
        "meta": {
            "nf-test": "0.8.4",
            "nextflow": "23.10.1"
        },
        "timestamp": "2024-04-18T17:10:49.052904"
    },
    "Should publish to alternative directory": {
        "content": [
            {
                "stderr": [
                    
                ],
                "errorReport": "",
                "exitStatus": 0,
                "failed": false,
                "stdout": [
                    
                ],
                "errorMessage": "",
                "trace": {
                    "tasksFailed": 1,
                    "tasksCount": 14,
                    "tasksSucceeded": 13
                },
                "name": "workflow",
                "success": true
            },
            [
                [

                    "test1.txt:md5,3e7705498e8be60520841409ebc69bc1",
                    "test2.txt:md5,126a8a51b9d1bbd07fddc65819a542c3",                
                ],
                "test.txt:md5,d41d8cd98f00b204e9800998ecf8427e"
            ]
        ],
        "meta": {
            "nf-test": "0.8.4",
            "nextflow": "23.10.1"
        },
        "timestamp": "2024-04-18T17:10:53.086666"
    },
    "Should only run one process": {
        "content": [
            {
                "stderr": [
                    
                ],
                "errorReport": "",
                "exitStatus": 0,
                "failed": false,
                "stdout": [
                    
                ],
                "errorMessage": "",
                "trace": {
                    "tasksFailed": 0,
                    "tasksCount": 1,
                    "tasksSucceeded": 1
                },
                "name": "workflow",
                "success": true
            },
            [
                
            ]
        ],
        "meta": {
            "nf-test": "0.8.4",
            "nextflow": "23.10.1"
        },
        "timestamp": "2023-10-04T12:17:23.982939"
    },
    "Should run without failures": {
        "content": [
            {
                "stderr": [
                    
                ],
                "errorReport": "",
                "exitStatus": 0,
                "failed": false,
                "stdout": [
                    
                ],
                "errorMessage": "",
                "trace": {
                    "tasksFailed": 1,
                    "tasksCount": 14,
                    "tasksSucceeded": 13
                },
                "name": "workflow",
                "success": true
            },
            [
                [
                    "test1.txt:md5,3e7705498e8be60520841409ebc69bc1",
                    "test2.txt:md5,126a8a51b9d1bbd07fddc65819a542c3",
		],
                "test.txt:md5,d41d8cd98f00b204e9800998ecf8427e"
            ]
        ],
        "meta": {
            "nf-test": "0.8.4",
            "nextflow": "23.10.1"
        },
        "timestamp": "2024-04-18T17:10:47.053474"
    }
}
