{
    "TEST_CREATE_FOLDER": {
        "content": [
            {
                "0": [
                    [
                        "test1.txt:md5,3e7705498e8be60520841409ebc69bc1",
                        "test2.txt:md5,126a8a51b9d1bbd07fddc65819a542c3",
                    ]
                ],
                "outfolder": [
                    [
                        "test1.txt:md5,3e7705498e8be60520841409ebc69bc1",
                        "test2.txt:md5,126a8a51b9d1bbd07fddc65819a542c3"
                    ]
                ]
            }
        ],
        "meta": {
            "nf-test": "0.8.4",
            "nextflow": "23.10.1"
        },
        "timestamp": "2024-04-18T17:19:42.631931"
    }
}
