{
    "Should skip a process": {
        "content": [
            {
                "success": true,
                "exitStatus": 0,
                "errorMessage": "",
                "errorReport": "",
                "failed": false,
                "trace": {
                    "tasksCount": 16,
                    "tasksFailed": 1,
                    "tasksSucceeded": 15
                },
                "stdout": [
                    
                ],
                "stderr": [
                    
                ],
                "name": "workflow"
            },
            [
                [
                    "test1.txt:md5,d41d8cd98f00b204e9800998ecf8427e",
                    "test2.txt:md5,d41d8cd98f00b204e9800998ecf8427e"
                ],
                "test.txt:md5,d41d8cd98f00b204e9800998ecf8427e"
            ]
        ],
        "timestamp": "2026-03-05T12:45:32.128122199",
        "meta": {
            "nf-test": "0.9.4",
            "nextflow": "25.10.4"
        }
    },
    "Should publish to alternative directory": {
        "content": [
            {
                "success": true,
                "exitStatus": 0,
                "errorMessage": "",
                "errorReport": "",
                "failed": false,
                "trace": {
                    "tasksCount": 17,
                    "tasksFailed": 1,
                    "tasksSucceeded": 16
                },
                "stdout": [
                    
                ],
                "stderr": [
                    
                ],
                "name": "workflow"
            },
            [
                [
                    "test1.txt:md5,d41d8cd98f00b204e9800998ecf8427e",
                    "test2.txt:md5,d41d8cd98f00b204e9800998ecf8427e"
                ],
                "test.txt:md5,d41d8cd98f00b204e9800998ecf8427e"
            ]
        ],
        "timestamp": "2026-03-05T13:30:26.867647032",
        "meta": {
            "nf-test": "0.9.4",
            "nextflow": "25.10.4"
        }
    },
    "Should only run one process": {
        "content": [
            {
                "success": true,
                "exitStatus": 0,
                "errorMessage": "",
                "errorReport": "",
                "failed": false,
                "trace": {
                    "tasksCount": 1,
                    "tasksFailed": 0,
                    "tasksSucceeded": 1
                },
                "stdout": [
                    
                ],
                "stderr": [
                    
                ],
                "name": "workflow"
            },
            [
                
            ]
        ],
        "timestamp": "2026-02-20T15:19:47.178347532",
        "meta": {
            "nf-test": "0.9.4",
            "nextflow": "25.10.4"
        }
    },
    "Should run without failures": {
        "content": [
            {
                "success": true,
                "exitStatus": 0,
                "errorMessage": "",
                "errorReport": "",
                "failed": false,
                "trace": {
                    "tasksCount": 17,
                    "tasksFailed": 1,
                    "tasksSucceeded": 16
                },
                "stdout": [
                    
                ],
                "stderr": [
                    
                ],
                "name": "workflow"
            },
            [
                [
                    "test1.txt:md5,d41d8cd98f00b204e9800998ecf8427e",
                    "test2.txt:md5,d41d8cd98f00b204e9800998ecf8427e"
                ],
                "test.txt:md5,d41d8cd98f00b204e9800998ecf8427e"
            ]
        ],
        "timestamp": "2026-03-05T12:45:22.96150697",
        "meta": {
            "nf-test": "0.9.4",
            "nextflow": "25.10.4"
        }
    }
}